// Vitest Snapshot v1, https://vitest.dev/guide/snapshot.html

exports[`engine characterisation — current behaviour, not desired correctness > pins Ghost comparisons and the current skipped-exercise behind verdict > demo comparison 1`] = `
{
  "ghost": {
    "date": "2026-09-21",
    "id": "fixture-3363",
    "name": "Push Day",
  },
  "headline": "Beat the last Push Day.",
  "lines": [
    {
      "exerciseId": "seed-bench-press",
      "exerciseName": "Bench Press",
      "ghostDate": "2026-09-21",
      "summary": "112.5×5 → 113.75×5 (+1.25 kg)",
      "verdict": "beat",
    },
    {
      "exerciseId": "seed-overhead-press",
      "exerciseName": "Overhead Press",
      "ghostDate": "2026-09-21",
      "summary": "61.75×7 → 62.25×7 (+0.5 kg)",
      "verdict": "beat",
    },
    {
      "exerciseId": "seed-incline-dumbbell-press",
      "exerciseName": "Incline Dumbbell Press",
      "ghostDate": "2026-09-21",
      "summary": "32×9 → 32×9 (tied last time)",
      "verdict": "tie",
    },
    {
      "exerciseId": "seed-lateral-raise",
      "exerciseName": "Lateral Raise",
      "ghostDate": "2026-09-21",
      "summary": "10×13 → 10×13 (tied last time)",
      "verdict": "tie",
    },
    {
      "exerciseId": "seed-cable-triceps-pushdown",
      "exerciseName": "Cable Triceps Pushdown",
      "ghostDate": "2026-09-21",
      "summary": "28×11 → 28×11 (tied last time)",
      "verdict": "tie",
    },
    {
      "exerciseId": "seed-dip",
      "exerciseName": "Dip",
      "ghostDate": "2026-09-21",
      "summary": "7r → 7r (tied last time)",
      "verdict": "tie",
    },
  ],
  "score": {
    "beat": 2,
    "behind": 0,
    "new": 0,
    "tie": 4,
  },
}
`;

exports[`engine characterisation — current behaviour, not desired correctness > pins Ghost comparisons and the current skipped-exercise behind verdict > skipped exercise 1`] = `
{
  "ghost": {
    "date": "2026-09-01",
    "id": "workout-0",
    "name": "Bench session",
  },
  "headline": "Behind the last Bench session.",
  "lines": [
    {
      "exerciseId": "seed-bench-press",
      "exerciseName": "Bench Press",
      "ghostDate": "2026-09-01",
      "summary": "100×8 → 0r (−100 kg · -8 reps)",
      "verdict": "behind",
    },
  ],
  "score": {
    "beat": 0,
    "behind": 1,
    "new": 0,
    "tie": 0,
  },
}
`;

exports[`engine characterisation — current behaviour, not desired correctness > pins Ghost comparisons and the current skipped-exercise behind verdict > weight wins despite fewer reps, tie, first exposure 1`] = `
[
  {
    "label": "+2.5 kg · -5 reps",
    "repsDelta": -5,
    "verdict": "beat",
    "weightDeltaG": 2500,
  },
  {
    "label": "tied last time",
    "repsDelta": 0,
    "verdict": "tie",
    "weightDeltaG": 0,
  },
  {
    "label": "First time",
    "repsDelta": 0,
    "verdict": "new",
    "weightDeltaG": 0,
  },
]
`;

exports[`engine characterisation — current behaviour, not desired correctness > pins autopsy evidence for misses, rising effort and falling volume (a plateau needs an earlier window to compare with) > no history 1`] = `
{
  "exerciseId": "seed-bench-press",
  "findings": [],
  "headline": "Bench Press is still moving. No autopsy needed.",
  "name": "Bench Press",
  "stallSessions": 0,
  "stalled": false,
}
`;

exports[`engine characterisation — current behaviour, not desired correctness > pins autopsy evidence for misses, rising effort and falling volume (a plateau needs an earlier window to compare with) 1`] = `
{
  "exerciseId": "seed-bench-press",
  "findings": [
    {
      "code": "missed_reps",
      "detail": "Target missed on the last 6 exposures.",
      "evidence": "Mon, Sep 7 · Tue, Sep 8 · Wed, Sep 9 · Thu, Sep 10 · Fri, Sep 11 · Sat, Sep 12",
      "title": "Missed reps",
    },
    {
      "code": "falling_volume",
      "detail": "Hard sets dropped from 3.0 to 2.0 per exposure.",
      "evidence": "Fewer credited sets while the load stayed put.",
      "title": "Falling volume",
    },
    {
      "code": "rising_rpe",
      "detail": "RPE 7.0 → 9.0 at similar loads.",
      "evidence": "Thu, Sep 10 RPE 9.0 · Fri, Sep 11 RPE 9.0 · Sat, Sep 12 RPE 9.0",
      "title": "Rising RPE",
    },
  ],
  "headline": "Bench Press: missed reps, falling volume, rising RPE.",
  "name": "Bench Press",
  "stallSessions": 0,
  "stalled": true,
}
`;

exports[`engine characterisation — current behaviour, not desired correctness > pins detected and named Chronicle eras, all events, strongest stretch and biggest jump 1`] = `
{
  "detected": {
    "biggestJump": {
      "detail": "Largest session-to-session estimated 1RM increase on file.",
      "exerciseId": "seed-conventional-deadlift",
      "id": "jump-seed-conventional-deadlift-2026-04-01",
      "kind": "jump",
      "magnitude": 11450,
      "startDate": "2026-04-01",
      "title": "Biggest jump · Conventional Deadlift",
    },
    "current": {
      "autoName": "The Return",
      "endDate": "2026-09-28",
      "hardSets": 1984,
      "id": "era-2026-01-21",
      "name": "The Return",
      "sessions": 101,
      "startDate": "2026-01-21",
      "tone": "comeback",
    },
    "eras": [
      {
        "autoName": "Foundation",
        "endDate": "2025-12-26",
        "hardSets": 576,
        "id": "era-2025-10-06",
        "name": "Foundation",
        "sessions": 36,
        "startDate": "2025-10-06",
        "tone": "foundation",
      },
      {
        "autoName": "The Return",
        "endDate": "2026-09-28",
        "hardSets": 1984,
        "id": "era-2026-01-21",
        "name": "The Return",
        "sessions": 101,
        "startDate": "2026-01-21",
        "tone": "comeback",
      },
    ],
    "events": [
      {
        "detail": "Four-week window where the goal lifts sat at their highest mean estimated 1RM.",
        "endDate": "2026-10-04",
        "id": "peak-2026-09-07",
        "kind": "peak",
        "magnitude": 526945.75,
        "startDate": "2026-09-07",
        "title": "Strongest stretch",
      },
      {
        "detail": "9 estimated 1RM stamps in a tight window.",
        "endDate": "2026-09-28",
        "id": "prrun-2026-08-26",
        "kind": "pr_run",
        "magnitude": 9,
        "startDate": "2026-08-26",
        "title": "PR run",
      },
      {
        "detail": "Largest session-to-session estimated 1RM increase on file.",
        "exerciseId": "seed-conventional-deadlift",
        "id": "jump-seed-conventional-deadlift-2026-04-01",
        "kind": "jump",
        "magnitude": 11450,
        "startDate": "2026-04-01",
        "title": "Biggest jump · Conventional Deadlift",
      },
      {
        "detail": "80 estimated 1RM stamps in a tight window.",
        "endDate": "2026-06-26",
        "id": "prrun-2026-02-20",
        "kind": "pr_run",
        "magnitude": 80,
        "startDate": "2026-02-20",
        "title": "PR run",
      },
      {
        "detail": "New lift enters the log.",
        "exerciseId": "seed-dip",
        "id": "new-seed-dip-2026-01-26",
        "kind": "exercise_change",
        "startDate": "2026-01-26",
        "title": "First Dip",
        "workoutId": "fixture-859",
      },
      {
        "detail": "Pull Day reopened the file after 26 days.",
        "id": "comeback-2026-01-21",
        "kind": "comeback",
        "startDate": "2026-01-21",
        "title": "Comeback",
        "workoutId": "fixture-811",
      },
      {
        "detail": "101 sessions · 1984 hard sets.",
        "endDate": "2026-09-28",
        "id": "era-2026-01-21",
        "kind": "era",
        "startDate": "2026-01-21",
        "title": "The Return",
      },
      {
        "detail": "New lift enters the log.",
        "exerciseId": "seed-pull-up",
        "id": "new-seed-pull-up-2026-01-21",
        "kind": "exercise_change",
        "startDate": "2026-01-21",
        "title": "First Pull-Up",
        "workoutId": "fixture-811",
      },
      {
        "detail": "Nothing logged between 2025-12-26 and 2026-01-21.",
        "endDate": "2026-01-21",
        "id": "layoff-2025-12-26",
        "kind": "layoff",
        "magnitude": 26,
        "startDate": "2025-12-26",
        "title": "26-day layoff",
      },
      {
        "detail": "143 estimated 1RM stamps in a tight window.",
        "endDate": "2025-12-26",
        "id": "prrun-2025-10-13",
        "kind": "pr_run",
        "magnitude": 143,
        "startDate": "2025-10-13",
        "title": "PR run",
      },
      {
        "detail": "New lift enters the log.",
        "exerciseId": "seed-back-squat",
        "id": "new-seed-back-squat-2025-10-10",
        "kind": "exercise_change",
        "startDate": "2025-10-10",
        "title": "First Back Squat",
        "workoutId": "fixture-62",
      },
      {
        "detail": "New lift enters the log.",
        "exerciseId": "seed-romanian-deadlift",
        "id": "new-seed-romanian-deadlift-2025-10-10",
        "kind": "exercise_change",
        "startDate": "2025-10-10",
        "title": "First Romanian Deadlift",
        "workoutId": "fixture-62",
      },
      {
        "detail": "New lift enters the log.",
        "exerciseId": "seed-leg-press",
        "id": "new-seed-leg-press-2025-10-10",
        "kind": "exercise_change",
        "startDate": "2025-10-10",
        "title": "First Leg Press",
        "workoutId": "fixture-62",
      },
      {
        "detail": "New lift enters the log.",
        "exerciseId": "seed-leg-extension",
        "id": "new-seed-leg-extension-2025-10-10",
        "kind": "exercise_change",
        "startDate": "2025-10-10",
        "title": "First Leg Extension",
        "workoutId": "fixture-62",
      },
      {
        "detail": "New lift enters the log.",
        "exerciseId": "seed-standing-calf-raise",
        "id": "new-seed-standing-calf-raise-2025-10-10",
        "kind": "exercise_change",
        "startDate": "2025-10-10",
        "title": "First Standing Calf Raise",
        "workoutId": "fixture-62",
      },
      {
        "detail": "New lift enters the log.",
        "exerciseId": "seed-conventional-deadlift",
        "id": "new-seed-conventional-deadlift-2025-10-08",
        "kind": "exercise_change",
        "startDate": "2025-10-08",
        "title": "First Conventional Deadlift",
        "workoutId": "fixture-41",
      },
      {
        "detail": "New lift enters the log.",
        "exerciseId": "seed-lat-pulldown",
        "id": "new-seed-lat-pulldown-2025-10-08",
        "kind": "exercise_change",
        "startDate": "2025-10-08",
        "title": "First Lat Pulldown",
        "workoutId": "fixture-41",
      },
      {
        "detail": "New lift enters the log.",
        "exerciseId": "seed-seated-cable-row",
        "id": "new-seed-seated-cable-row-2025-10-08",
        "kind": "exercise_change",
        "startDate": "2025-10-08",
        "title": "First Seated Cable Row",
        "workoutId": "fixture-41",
      },
      {
        "detail": "New lift enters the log.",
        "exerciseId": "seed-face-pull",
        "id": "new-seed-face-pull-2025-10-08",
        "kind": "exercise_change",
        "startDate": "2025-10-08",
        "title": "First Face Pull",
        "workoutId": "fixture-41",
      },
      {
        "detail": "New lift enters the log.",
        "exerciseId": "seed-barbell-curl",
        "id": "new-seed-barbell-curl-2025-10-08",
        "kind": "exercise_change",
        "startDate": "2025-10-08",
        "title": "First Barbell Curl",
        "workoutId": "fixture-41",
      },
      {
        "detail": "36 sessions · 576 hard sets.",
        "endDate": "2025-12-26",
        "id": "era-2025-10-06",
        "kind": "era",
        "startDate": "2025-10-06",
        "title": "Foundation",
      },
    ],
    "strongest": {
      "detail": "Four-week window where the goal lifts sat at their highest mean estimated 1RM.",
      "endDate": "2026-10-04",
      "id": "peak-2026-09-07",
      "kind": "peak",
      "magnitude": 526945.75,
      "startDate": "2026-09-07",
      "title": "Strongest stretch",
    },
  },
  "named": {
    "biggestJump": {
      "detail": "Largest session-to-session estimated 1RM increase on file.",
      "exerciseId": "seed-conventional-deadlift",
      "id": "jump-seed-conventional-deadlift-2026-04-01",
      "kind": "jump",
      "magnitude": 11450,
      "startDate": "2026-04-01",
      "title": "Biggest jump · Conventional Deadlift",
    },
    "current": {
      "autoName": "Summer 2026",
      "endDate": "2026-09-28",
      "hardSets": 559,
      "id": "era-2026-07-20",
      "name": "Iron Block",
      "sessions": 31,
      "startDate": "2026-07-20",
      "tone": "foundation",
    },
    "eras": [
      {
        "autoName": "Foundation",
        "endDate": "2025-12-26",
        "hardSets": 576,
        "id": "era-2025-10-06",
        "name": "Foundation",
        "sessions": 36,
        "startDate": "2025-10-06",
        "tone": "foundation",
      },
      {
        "autoName": "PR Run",
        "endDate": "2026-03-27",
        "hardSets": 521,
        "id": "era-2026-01-19",
        "name": "The Return",
        "sessions": 29,
        "startDate": "2026-01-19",
        "tone": "peak",
      },
      {
        "autoName": "Volume Spring",
        "endDate": "2026-06-17",
        "hardSets": 759,
        "id": "era-2026-03-30",
        "name": "Volume Summer",
        "sessions": 32,
        "startDate": "2026-03-30",
        "tone": "volume",
      },
      {
        "autoName": "Summer 2026",
        "endDate": "2026-07-17",
        "hardSets": 145,
        "id": "era-2026-06-22",
        "name": "The Grind",
        "sessions": 9,
        "startDate": "2026-06-22",
        "tone": "foundation",
      },
      {
        "autoName": "Summer 2026",
        "endDate": "2026-09-28",
        "hardSets": 559,
        "id": "era-2026-07-20",
        "name": "Iron Block",
        "sessions": 31,
        "startDate": "2026-07-20",
        "tone": "foundation",
      },
    ],
    "events": [
      {
        "detail": "Four-week window where the goal lifts sat at their highest mean estimated 1RM.",
        "endDate": "2026-10-04",
        "id": "peak-2026-09-07",
        "kind": "peak",
        "magnitude": 526945.75,
        "startDate": "2026-09-07",
        "title": "Strongest stretch",
      },
      {
        "detail": "9 estimated 1RM stamps in a tight window.",
        "endDate": "2026-09-28",
        "id": "prrun-2026-08-26",
        "kind": "pr_run",
        "magnitude": 9,
        "startDate": "2026-08-26",
        "title": "PR run",
      },
      {
        "detail": "31 sessions · 559 hard sets.",
        "endDate": "2026-09-28",
        "id": "era-2026-07-20",
        "kind": "era",
        "startDate": "2026-07-20",
        "title": "Iron Block",
      },
      {
        "detail": "9 sessions · 145 hard sets.",
        "endDate": "2026-07-17",
        "id": "era-2026-06-22",
        "kind": "era",
        "startDate": "2026-06-22",
        "title": "The Grind",
      },
      {
        "detail": "Largest session-to-session estimated 1RM increase on file.",
        "exerciseId": "seed-conventional-deadlift",
        "id": "jump-seed-conventional-deadlift-2026-04-01",
        "kind": "jump",
        "magnitude": 11450,
        "startDate": "2026-04-01",
        "title": "Biggest jump · Conventional Deadlift",
      },
      {
        "detail": "32 sessions · 759 hard sets.",
        "endDate": "2026-06-17",
        "id": "era-2026-03-30",
        "kind": "era",
        "startDate": "2026-03-30",
        "title": "Volume Summer",
      },
      {
        "detail": "80 estimated 1RM stamps in a tight window.",
        "endDate": "2026-06-26",
        "id": "prrun-2026-02-20",
        "kind": "pr_run",
        "magnitude": 80,
        "startDate": "2026-02-20",
        "title": "PR run",
      },
      {
        "detail": "New lift enters the log.",
        "exerciseId": "seed-dip",
        "id": "new-seed-dip-2026-01-26",
        "kind": "exercise_change",
        "startDate": "2026-01-26",
        "title": "First Dip",
        "workoutId": "fixture-859",
      },
      {
        "detail": "Pull Day reopened the file after 26 days.",
        "id": "comeback-2026-01-21",
        "kind": "comeback",
        "startDate": "2026-01-21",
        "title": "Comeback",
        "workoutId": "fixture-811",
      },
      {
        "detail": "New lift enters the log.",
        "exerciseId": "seed-pull-up",
        "id": "new-seed-pull-up-2026-01-21",
        "kind": "exercise_change",
        "startDate": "2026-01-21",
        "title": "First Pull-Up",
        "workoutId": "fixture-811",
      },
      {
        "detail": "29 sessions · 521 hard sets.",
        "endDate": "2026-03-27",
        "id": "era-2026-01-19",
        "kind": "era",
        "startDate": "2026-01-19",
        "title": "The Return",
      },
      {
        "detail": "Nothing logged between 2025-12-26 and 2026-01-21.",
        "endDate": "2026-01-21",
        "id": "layoff-2025-12-26",
        "kind": "layoff",
        "magnitude": 26,
        "startDate": "2025-12-26",
        "title": "26-day layoff",
      },
      {
        "detail": "143 estimated 1RM stamps in a tight window.",
        "endDate": "2025-12-26",
        "id": "prrun-2025-10-13",
        "kind": "pr_run",
        "magnitude": 143,
        "startDate": "2025-10-13",
        "title": "PR run",
      },
      {
        "detail": "New lift enters the log.",
        "exerciseId": "seed-back-squat",
        "id": "new-seed-back-squat-2025-10-10",
        "kind": "exercise_change",
        "startDate": "2025-10-10",
        "title": "First Back Squat",
        "workoutId": "fixture-62",
      },
      {
        "detail": "New lift enters the log.",
        "exerciseId": "seed-romanian-deadlift",
        "id": "new-seed-romanian-deadlift-2025-10-10",
        "kind": "exercise_change",
        "startDate": "2025-10-10",
        "title": "First Romanian Deadlift",
        "workoutId": "fixture-62",
      },
      {
        "detail": "New lift enters the log.",
        "exerciseId": "seed-leg-press",
        "id": "new-seed-leg-press-2025-10-10",
        "kind": "exercise_change",
        "startDate": "2025-10-10",
        "title": "First Leg Press",
        "workoutId": "fixture-62",
      },
      {
        "detail": "New lift enters the log.",
        "exerciseId": "seed-leg-extension",
        "id": "new-seed-leg-extension-2025-10-10",
        "kind": "exercise_change",
        "startDate": "2025-10-10",
        "title": "First Leg Extension",
        "workoutId": "fixture-62",
      },
      {
        "detail": "New lift enters the log.",
        "exerciseId": "seed-standing-calf-raise",
        "id": "new-seed-standing-calf-raise-2025-10-10",
        "kind": "exercise_change",
        "startDate": "2025-10-10",
        "title": "First Standing Calf Raise",
        "workoutId": "fixture-62",
      },
      {
        "detail": "New lift enters the log.",
        "exerciseId": "seed-conventional-deadlift",
        "id": "new-seed-conventional-deadlift-2025-10-08",
        "kind": "exercise_change",
        "startDate": "2025-10-08",
        "title": "First Conventional Deadlift",
        "workoutId": "fixture-41",
      },
      {
        "detail": "New lift enters the log.",
        "exerciseId": "seed-lat-pulldown",
        "id": "new-seed-lat-pulldown-2025-10-08",
        "kind": "exercise_change",
        "startDate": "2025-10-08",
        "title": "First Lat Pulldown",
        "workoutId": "fixture-41",
      },
      {
        "detail": "New lift enters the log.",
        "exerciseId": "seed-seated-cable-row",
        "id": "new-seed-seated-cable-row-2025-10-08",
        "kind": "exercise_change",
        "startDate": "2025-10-08",
        "title": "First Seated Cable Row",
        "workoutId": "fixture-41",
      },
      {
        "detail": "New lift enters the log.",
        "exerciseId": "seed-face-pull",
        "id": "new-seed-face-pull-2025-10-08",
        "kind": "exercise_change",
        "startDate": "2025-10-08",
        "title": "First Face Pull",
        "workoutId": "fixture-41",
      },
      {
        "detail": "New lift enters the log.",
        "exerciseId": "seed-barbell-curl",
        "id": "new-seed-barbell-curl-2025-10-08",
        "kind": "exercise_change",
        "startDate": "2025-10-08",
        "title": "First Barbell Curl",
        "workoutId": "fixture-41",
      },
      {
        "detail": "36 sessions · 576 hard sets.",
        "endDate": "2025-12-26",
        "id": "era-2025-10-06",
        "kind": "era",
        "startDate": "2025-10-06",
        "title": "Foundation",
      },
    ],
    "strongest": {
      "detail": "Four-week window where the goal lifts sat at their highest mean estimated 1RM.",
      "endDate": "2026-10-04",
      "id": "peak-2026-09-07",
      "kind": "peak",
      "magnitude": 526945.75,
      "startDate": "2026-09-07",
      "title": "Strongest stretch",
    },
  },
}
`;

exports[`engine characterisation — current behaviour, not desired correctness > pins lift DNA for long, sparse and synthetic progression histories 1`] = `
{
  "bench": {
    "bestWeekday": "Monday",
    "exerciseId": "seed-bench-press",
    "exposures": 45,
    "exposuresBeforeJump": 2,
    "learnedRestSeconds": 150,
    "name": "Bench Press",
    "notes": [
      "Best estimated 1RMs cluster around the 7–9 range.",
      "This lift usually answers load jumps better than grinding extra reps.",
      "Stronger estimated 1RMs tend to land on Monday.",
      "Typical exposures at a load before a jump: 2.",
    ],
    "peakDate": "2026-09-28",
    "peakE1rmG": 132708,
    "personality": "load",
    "personalityWhy": "This lift usually answers load jumps better than grinding extra reps.",
    "rpeDrift": 0,
    "strongestRange": "7–9",
    "strongestReps": 8,
    "typicalProgressionG": 1159,
  },
  "loadSteps": {
    "bestWeekday": null,
    "exerciseId": "seed-bench-press",
    "exposures": 6,
    "exposuresBeforeJump": 2,
    "learnedRestSeconds": 120,
    "name": "Bench Press",
    "notes": [
      "Best estimated 1RMs cluster around the 4–6 range.",
      "This lift usually answers load jumps better than grinding extra reps.",
      "Typical exposures at a load before a jump: 2.",
    ],
    "peakDate": "2026-09-05",
    "peakE1rmG": 126000,
    "personality": "load",
    "personalityWhy": "This lift usually answers load jumps better than grinding extra reps.",
    "rpeDrift": 0,
    "strongestRange": "4–6",
    "strongestReps": 6,
    "typicalProgressionG": 2500,
  },
  "noHistory": {
    "bestWeekday": null,
    "exerciseId": "seed-bench-press",
    "exposures": 0,
    "exposuresBeforeJump": null,
    "learnedRestSeconds": null,
    "name": "Bench Press",
    "notes": [
      "Log a few more exposures and the DNA fills in.",
    ],
    "personality": "mixed",
    "personalityWhy": "Not enough history to call a personality.",
    "rpeDrift": null,
    "strongestRange": null,
    "strongestReps": null,
    "typicalProgressionG": null,
  },
  "oneExposure": {
    "bestWeekday": null,
    "exerciseId": "seed-bench-press",
    "exposures": 1,
    "exposuresBeforeJump": null,
    "learnedRestSeconds": null,
    "name": "Bench Press",
    "notes": [
      "Log a few more exposures and the DNA fills in.",
    ],
    "personality": "mixed",
    "personalityWhy": "Not enough history to call a personality.",
    "rpeDrift": null,
    "strongestRange": null,
    "strongestReps": null,
    "typicalProgressionG": null,
  },
  "repSteps": {
    "bestWeekday": null,
    "exerciseId": "seed-bench-press",
    "exposures": 6,
    "exposuresBeforeJump": null,
    "learnedRestSeconds": 120,
    "name": "Bench Press",
    "notes": [
      "Best estimated 1RMs cluster around the 7–9 range.",
      "This lift usually moves by adding reps at a load before the next jump.",
    ],
    "peakDate": "2026-09-06",
    "peakE1rmG": 130000,
    "personality": "reps",
    "personalityWhy": "This lift usually moves by adding reps at a load before the next jump.",
    "rpeDrift": 0,
    "strongestRange": "7–9",
    "strongestReps": 9,
    "typicalProgressionG": null,
  },
}
`;

exports[`engine characterisation — current behaviour, not desired correctness > pins progression decisions and easier-week board thresholds > easier-week thresholds 1`] = `
{
  "none": {
    "needed": false,
    "stalled": [],
    "why": "",
  },
  "one": {
    "needed": false,
    "stalled": [],
    "why": "",
  },
  "threeStalls": {
    "needed": true,
    "stalled": [
      "Bench",
      "Squat",
      "Deadlift",
    ],
    "why": "Hit rate is slipping across the board. One easier week now is cheaper than three stalled ones later.",
  },
  "two": {
    "needed": true,
    "stalled": [
      "Bench Press",
      "Squat",
    ],
    "why": "Bench Press, Squat are missing targets. Take an easier week: about 10% off the bar, same reps.",
  },
}
`;

exports[`engine characterisation — current behaviour, not desired correctness > pins progression decisions and easier-week board thresholds 1`] = `
{
  "addLoad": {
    "action": "add_load",
    "exerciseId": "seed-bench-press",
    "exerciseName": "Bench Press",
    "exposuresAtLoad": 2,
    "hitRate": 1,
    "lastDate": "2026-09-02",
    "lastWeightG": 100000,
    "missStreak": 0,
    "stallSessions": 0,
    "suggestedReps": 6,
    "suggestedSets": 3,
    "suggestedWeightG": 102500,
    "trackingType": "weight_reps",
    "typicalExposuresToProgress": undefined,
    "why": "Hit the top of the range twice at this load. Add one increment.",
  },
  "addReps": {
    "action": "add_reps",
    "exerciseId": "seed-bench-press",
    "exerciseName": "Bench Press",
    "exposuresAtLoad": 1,
    "hitRate": 1,
    "lastDate": "2026-09-01",
    "lastWeightG": 100000,
    "missStreak": 0,
    "stallSessions": 0,
    "suggestedReps": 7,
    "suggestedSets": 3,
    "suggestedWeightG": 100000,
    "trackingType": "weight_reps",
    "typicalExposuresToProgress": undefined,
    "why": "In range, not yet at the top. Same load, push a rep.",
  },
  "empty": {
    "action": "hold",
    "exerciseId": "seed-bench-press",
    "exerciseName": "Bench Press",
    "exposuresAtLoad": 0,
    "hitRate": 0,
    "lastDate": undefined,
    "lastWeightG": undefined,
    "missStreak": 0,
    "stallSessions": 0,
    "suggestedSets": 3,
    "trackingType": "weight_reps",
    "typicalExposuresToProgress": undefined,
    "why": "No prior working sets on file. Start conservative and log honestly.",
  },
  "oneMiss": {
    "action": "hold",
    "exerciseId": "seed-bench-press",
    "exerciseName": "Bench Press",
    "exposuresAtLoad": 1,
    "hitRate": 0,
    "lastDate": "2026-09-01",
    "lastWeightG": 100000,
    "missStreak": 1,
    "stallSessions": 0,
    "suggestedReps": 4,
    "suggestedSets": 3,
    "suggestedWeightG": 100000,
    "trackingType": "weight_reps",
    "typicalExposuresToProgress": undefined,
    "why": "One miss isn't a stall. Repeat the load.",
  },
  "threeMisses": {
    "action": "easier_week",
    "exerciseId": "seed-bench-press",
    "exerciseName": "Bench Press",
    "exposuresAtLoad": 3,
    "hitRate": 0,
    "lastDate": "2026-09-03",
    "lastWeightG": 100000,
    "missStreak": 3,
    "stallSessions": 0,
    "suggestedReps": 4,
    "suggestedSets": 3,
    "suggestedWeightG": 90000,
    "trackingType": "weight_reps",
    "typicalExposuresToProgress": undefined,
    "why": "Missed the target 3 sessions in a row. Drop about 10% and rebuild the hit.",
  },
  "topOnce": {
    "action": "hold",
    "exerciseId": "seed-bench-press",
    "exerciseName": "Bench Press",
    "exposuresAtLoad": 1,
    "hitRate": 1,
    "lastDate": "2026-09-01",
    "lastWeightG": 100000,
    "missStreak": 0,
    "stallSessions": 0,
    "suggestedReps": 8,
    "suggestedSets": 3,
    "suggestedWeightG": 100000,
    "trackingType": "weight_reps",
    "typicalExposuresToProgress": undefined,
    "why": "Last session hit. Repeat the load and confirm it.",
  },
  "twoMisses": {
    "action": "deload",
    "exerciseId": "seed-bench-press",
    "exerciseName": "Bench Press",
    "exposuresAtLoad": 2,
    "hitRate": 0,
    "lastDate": "2026-09-02",
    "lastWeightG": 100000,
    "missStreak": 2,
    "stallSessions": 0,
    "suggestedReps": 6,
    "suggestedSets": 3,
    "suggestedWeightG": 95000,
    "trackingType": "weight_reps",
    "typicalExposuresToProgress": undefined,
    "why": "Missed the target twice at this load. Small drop, same range, then retry.",
  },
}
`;

exports[`engine characterisation — current behaviour, not desired correctness > pins the deterministic demo size and calendar 1`] = `
{
  "exercises": 747,
  "first": "2025-10-06",
  "last": "2026-09-28",
  "measurements": 204,
  "sessions": 137,
  "sets": 2560,
}
`;
