// Vitest Snapshot v1, https://vitest.dev/guide/snapshot.html

exports[`secondary engine characterisation — current outcomes, including known defects > pins RM table, milestone queue and near misses from the same dated log 1`] = `
{
  "benchRm": [
    {
      "date": "2026-08-17",
      "reps": 4,
      "weightG": 106250,
      "workoutId": "fixture-2993",
    },
    {
      "date": "2026-09-28",
      "reps": 5,
      "weightG": 113750,
      "workoutId": "fixture-3437",
    },
    {
      "date": "2026-03-23",
      "reps": 6,
      "weightG": 94500,
      "workoutId": "fixture-1451",
    },
    {
      "date": "2026-06-15",
      "reps": 8,
      "weightG": 102500,
      "workoutId": "fixture-2435",
    },
  ],
  "misses": [
    {
      "date": "2026-09-28",
      "exerciseId": "seed-bench-press",
      "id": "fixture-3439-rep",
      "miss": "One more rep would have beaten your 6RM",
      "name": "Bench Press",
      "setLabel": "113.75×5",
      "workoutId": "fixture-3437",
      "wouldHaveBeen": "113.75×6",
    },
    {
      "date": "2026-09-28",
      "exerciseId": "seed-bench-press",
      "id": "fixture-3439-load",
      "miss": "+2.5 kg would have been a new 5RM",
      "name": "Bench Press",
      "setLabel": "113.75×5",
      "workoutId": "fixture-3437",
      "wouldHaveBeen": "116.25×5",
    },
    {
      "date": "2026-09-28",
      "exerciseId": "seed-bench-press",
      "id": "fixture-3440-rep",
      "miss": "One more rep would have beaten your 6RM",
      "name": "Bench Press",
      "setLabel": "113.75×5",
      "workoutId": "fixture-3437",
      "wouldHaveBeen": "113.75×6",
    },
    {
      "date": "2026-09-28",
      "exerciseId": "seed-bench-press",
      "id": "fixture-3440-load",
      "miss": "+2.5 kg would have been a new 5RM",
      "name": "Bench Press",
      "setLabel": "113.75×5",
      "workoutId": "fixture-3437",
      "wouldHaveBeen": "116.25×5",
    },
    {
      "date": "2026-09-28",
      "exerciseId": "seed-bench-press",
      "id": "fixture-3441-rep",
      "miss": "One more rep would have beaten your 6RM",
      "name": "Bench Press",
      "setLabel": "113.75×5",
      "workoutId": "fixture-3437",
      "wouldHaveBeen": "113.75×6",
    },
    {
      "date": "2026-09-28",
      "exerciseId": "seed-bench-press",
      "id": "fixture-3441-load",
      "miss": "+2.5 kg would have been a new 5RM",
      "name": "Bench Press",
      "setLabel": "113.75×5",
      "workoutId": "fixture-3437",
      "wouldHaveBeen": "116.25×5",
    },
  ],
  "queue": [
    {
      "closeness": 0.9,
      "current": "132.71",
      "exerciseId": "seed-bench-press",
      "how": "+1 rep would be a new estimated 1RM",
      "id": "seed-bench-press-e1rm-rep",
      "kind": "e1rm",
      "name": "Bench Press",
      "target": "136.5",
    },
    {
      "closeness": 0.9,
      "current": "181.42",
      "exerciseId": "seed-back-squat",
      "how": "+1 rep would be a new estimated 1RM",
      "id": "seed-back-squat-e1rm-rep",
      "kind": "e1rm",
      "name": "Back Squat",
      "target": "186.6",
    },
    {
      "closeness": 0.7,
      "current": "113.75×5",
      "exerciseId": "seed-bench-press",
      "how": "+2.5 kg is a new 5RM",
      "id": "seed-bench-press-load-5",
      "kind": "load_pr",
      "name": "Bench Press",
      "target": "116.25×5",
    },
    {
      "closeness": 0.7,
      "current": "155.5×5",
      "exerciseId": "seed-back-squat",
      "how": "+2.5 kg is a new 5RM",
      "id": "seed-back-squat-load-5",
      "kind": "load_pr",
      "name": "Back Squat",
      "target": "158×5",
    },
  ],
}
`;

exports[`secondary engine characterisation — current outcomes, including known defects > pins earned moments and year receipt without assuming a future date > 2026 receipt 1`] = `
{
  "bodyDelta": {
    "from": 82720,
    "to": 81450,
  },
  "busiestMonth": "2026-07",
  "comeback": undefined,
  "eras": [
    "The Return",
    "Volume Summer",
    "The Grind",
    "Iron Block",
  ],
  "firsts": [
    "First 60 kg bench",
    "First 80 kg bench",
    "First 100 kg bench",
    "First 100 kg squat",
    "First 140 kg squat",
    "First 140 kg deadlift",
    "First 180 kg deadlift",
    "First 60 kg press",
  ],
  "hardSets": 1984,
  "longestLayoffDays": 9,
  "sessions": 101,
  "topLift": {
    "e1rmG": 132708,
    "name": "Bench Press",
  },
  "uniqueLifts": 17,
  "year": 2026,
}
`;

exports[`secondary engine characterisation — current outcomes, including known defects > pins earned moments and year receipt without assuming a future date > empty year 1`] = `
{
  "bodyDelta": undefined,
  "busiestMonth": "2030-01",
  "comeback": undefined,
  "eras": [],
  "firsts": [],
  "hardSets": 0,
  "longestLayoffDays": 0,
  "sessions": 0,
  "topLift": undefined,
  "uniqueLifts": 0,
  "year": 2030,
}
`;

exports[`secondary engine characterisation — current outcomes, including known defects > pins earned moments and year receipt without assuming a future date > moments 1`] = `
[
  {
    "date": "2026-09-28",
    "detail": "Set during Iron Block.",
    "eraName": "Iron Block",
    "exerciseId": "seed-bench-press",
    "exerciseName": "Bench Press",
    "id": "pr-fixture-3437-seed-bench-press",
    "kicker": "Estimated 1RM stamp",
    "kind": "pr",
    "title": "Bench Press",
    "workoutId": "fixture-3437",
  },
  {
    "date": "2026-09-28",
    "detail": "Set during Iron Block.",
    "eraName": "Iron Block",
    "exerciseId": "seed-overhead-press",
    "exerciseName": "Overhead Press",
    "id": "pr-fixture-3437-seed-overhead-press",
    "kicker": "Estimated 1RM stamp",
    "kind": "pr",
    "title": "Overhead Press",
    "workoutId": "fixture-3437",
  },
  {
    "date": "2026-09-28",
    "detail": "Sessions spaced no more than four days apart.",
    "id": "streak-best",
    "kicker": "Comeback streak",
    "kind": "streak",
    "title": "40-session consistency run",
  },
  {
    "date": "2026-09-23",
    "detail": "Set during Iron Block.",
    "eraName": "Iron Block",
    "exerciseId": "seed-conventional-deadlift",
    "exerciseName": "Conventional Deadlift",
    "id": "pr-fixture-3389-seed-conventional-deadlift",
    "kicker": "Estimated 1RM stamp",
    "kind": "pr",
    "title": "Conventional Deadlift",
    "workoutId": "fixture-3389",
  },
  {
    "date": "2026-08-31",
    "detail": "The first time Overhead Press crossed 60 kg press.",
    "exerciseId": "seed-overhead-press",
    "exerciseName": "Overhead Press",
    "id": "ms-seed-overhead-press-60000",
    "kicker": "Milestone",
    "kind": "first",
    "title": "First 60 kg press",
    "valueLabel": "60 kg × 7",
    "workoutId": "fixture-3141",
  },
  {
    "date": "2026-08-19",
    "detail": "The first time Conventional Deadlift crossed 180 kg deadlift.",
    "exerciseId": "seed-conventional-deadlift",
    "exerciseName": "Conventional Deadlift",
    "id": "ms-seed-conventional-deadlift-180000",
    "kicker": "Milestone",
    "kind": "first",
    "title": "First 180 kg deadlift",
    "valueLabel": "181 kg × 4",
    "workoutId": "fixture-3019",
  },
  {
    "date": "2026-07-20",
    "detail": "31 sessions from 2026-07-20 to 2026-09-28.",
    "eraName": "Iron Block",
    "id": "era-2026-07-20",
    "kicker": "Named era",
    "kind": "era",
    "title": "Iron Block",
  },
  {
    "date": "2026-07-06",
    "detail": "Set during The Grind.",
    "eraName": "The Grind",
    "exerciseId": "seed-lateral-raise",
    "exerciseName": "Lateral Raise",
    "id": "pr-fixture-2565-seed-lateral-raise",
    "kicker": "Estimated 1RM stamp",
    "kind": "pr",
    "title": "Lateral Raise",
    "workoutId": "fixture-2565",
  },
  {
    "date": "2026-06-26",
    "detail": "Set during The Grind.",
    "eraName": "The Grind",
    "exerciseId": "seed-leg-press",
    "exerciseName": "Leg Press",
    "id": "pr-fixture-2498-seed-leg-press",
    "kicker": "Estimated 1RM stamp",
    "kind": "pr",
    "title": "Leg Press",
    "workoutId": "fixture-2498",
  },
  {
    "date": "2026-06-22",
    "detail": "9 sessions from 2026-06-22 to 2026-07-17.",
    "eraName": "The Grind",
    "id": "era-2026-06-22",
    "kicker": "Named era",
    "kind": "era",
    "title": "The Grind",
  },
  {
    "date": "2026-06-17",
    "detail": "Set during Volume Summer.",
    "eraName": "Volume Summer",
    "exerciseId": "seed-lat-pulldown",
    "exerciseName": "Lat Pulldown",
    "id": "pr-fixture-2467-seed-lat-pulldown",
    "kicker": "Estimated 1RM stamp",
    "kind": "pr",
    "title": "Lat Pulldown",
    "workoutId": "fixture-2467",
  },
  {
    "date": "2026-06-12",
    "detail": "Set during Volume Summer.",
    "eraName": "Volume Summer",
    "exerciseId": "seed-back-squat",
    "exerciseName": "Back Squat",
    "id": "pr-fixture-2407-seed-back-squat",
    "kicker": "Estimated 1RM stamp",
    "kind": "pr",
    "title": "Back Squat",
    "workoutId": "fixture-2407",
  },
  {
    "date": "2026-06-01",
    "detail": "The first time Bench Press crossed 100 kg bench.",
    "exerciseId": "seed-bench-press",
    "exerciseName": "Bench Press",
    "id": "ms-seed-bench-press-100000",
    "kicker": "Milestone",
    "kind": "first",
    "title": "First 100 kg bench",
    "valueLabel": "102 kg × 8",
    "workoutId": "fixture-2253",
  },
  {
    "date": "2026-04-03",
    "detail": "The first time Back Squat crossed 140 kg squat.",
    "exerciseId": "seed-back-squat",
    "exerciseName": "Back Squat",
    "id": "ms-seed-back-squat-140000",
    "kicker": "Milestone",
    "kind": "first",
    "title": "First 140 kg squat",
    "valueLabel": "140 kg × 8",
    "workoutId": "fixture-1588",
  },
  {
    "date": "2026-04-03",
    "detail": "Set during Volume Summer.",
    "eraName": "Volume Summer",
    "exerciseId": "seed-romanian-deadlift",
    "exerciseName": "Romanian Deadlift",
    "id": "pr-fixture-1588-seed-romanian-deadlift",
    "kicker": "Estimated 1RM stamp",
    "kind": "pr",
    "title": "Romanian Deadlift",
    "workoutId": "fixture-1588",
  },
  {
    "date": "2026-03-30",
    "detail": "32 sessions from 2026-03-30 to 2026-06-17.",
    "eraName": "Volume Summer",
    "id": "era-2026-03-30",
    "kicker": "Named era",
    "kind": "era",
    "title": "Volume Summer",
  },
  {
    "date": "2026-01-19",
    "detail": "29 sessions from 2026-01-19 to 2026-03-27.",
    "eraName": "The Return",
    "id": "era-2026-01-19",
    "kicker": "Named era",
    "kind": "era",
    "title": "The Return",
  },
  {
    "date": "2025-11-26",
    "detail": "The first time Conventional Deadlift crossed 140 kg deadlift.",
    "exerciseId": "seed-conventional-deadlift",
    "exerciseName": "Conventional Deadlift",
    "id": "ms-seed-conventional-deadlift-140000",
    "kicker": "Milestone",
    "kind": "first",
    "title": "First 140 kg deadlift",
    "valueLabel": "140 kg × 5",
    "workoutId": "fixture-503",
  },
  {
    "date": "2025-11-17",
    "detail": "The first time Bench Press crossed 80 kg bench.",
    "exerciseId": "seed-bench-press",
    "exerciseName": "Bench Press",
    "id": "ms-seed-bench-press-80000",
    "kicker": "Milestone",
    "kind": "first",
    "title": "First 80 kg bench",
    "valueLabel": "81 kg × 6",
    "workoutId": "fixture-415",
  },
  {
    "date": "2025-10-17",
    "detail": "The first time Back Squat crossed 100 kg squat.",
    "exerciseId": "seed-back-squat",
    "exerciseName": "Back Squat",
    "id": "ms-seed-back-squat-100000",
    "kicker": "Milestone",
    "kind": "first",
    "title": "First 100 kg squat",
    "valueLabel": "100 kg × 6",
    "workoutId": "fixture-128",
  },
  {
    "date": "2025-10-06",
    "detail": "The first time Bench Press crossed 60 kg bench.",
    "exerciseId": "seed-bench-press",
    "exerciseName": "Bench Press",
    "id": "ms-seed-bench-press-60000",
    "kicker": "Milestone",
    "kind": "first",
    "title": "First 60 kg bench",
    "valueLabel": "73 kg × 6",
    "workoutId": "fixture-19",
  },
  {
    "date": "2025-10-06",
    "detail": "36 sessions from 2025-10-06 to 2025-12-26.",
    "eraName": "Foundation",
    "id": "era-2025-10-06",
    "kicker": "Named era",
    "kind": "era",
    "title": "Foundation",
  },
]
`;

exports[`secondary engine characterisation — current outcomes, including known defects > pins intelligence and the weekly verdict from the dated demo > intelligence 1`] = `
{
  "easierWeek": true,
  "exposuresToProgress": [],
  "fatigue": [],
  "hitRate": 0,
  "hitRatePrior": 1,
  "insights": [
    "The progression engine wants an easier week. Trust the misses, not the ego.",
    "The main lift has tended to move more after quieter volume weeks.",
    "RPE is holding around 7.8.",
    "Arms: right is 2.0% larger on the latest measurement.",
    "Last session: 19 hard sets in Push Day.",
  ],
  "leftRight": [
    {
      "deltaPct": 2,
      "left": 350,
      "metric": "Arms",
      "right": 357,
    },
  ],
  "relative": [
    {
      "bodyweightG": 81450,
      "e1rmG": 132708,
      "exerciseId": "seed-bench-press",
      "name": "Bench Press",
      "ratio": 1.6293186003683242,
    },
    {
      "bodyweightG": 81450,
      "e1rmG": 181417,
      "exerciseId": "seed-back-squat",
      "name": "Back Squat",
      "ratio": 2.227341927562922,
    },
  ],
  "restNote": "Rest times are inferred from set timestamps when they exist.",
  "rpeDrift": {
    "note": "RPE is holding around 7.8.",
    "previous": 7.814814814814815,
    "recent": 7.814814814814815,
  },
  "volumeResponse": "The main lift has tended to move more after quieter volume weeks.",
}
`;

exports[`secondary engine characterisation — current outcomes, including known defects > pins intelligence and the weekly verdict from the dated demo > no history 1`] = `
{
  "direction": null,
  "state": "not_enough_history",
  "words": [
    "Needs 3 more training weeks before comparing your training honestly.",
  ],
}
`;

exports[`secondary engine characterisation — current outcomes, including known defects > pins intelligence and the weekly verdict from the dated demo > weekly verdict 1`] = `
{
  "baseline": {
    "metrics": {
      "hardSets": 54,
      "sessions": 3,
      "tonnageG": 31125500,
    },
    "weeks": [
      {
        "end": "2026-08-30",
        "sessions": 3,
        "start": "2026-08-24",
      },
      {
        "end": "2026-09-06",
        "sessions": 3,
        "start": "2026-08-31",
      },
      {
        "end": "2026-09-13",
        "sessions": 3,
        "start": "2026-09-07",
      },
      {
        "end": "2026-09-20",
        "sessions": 3,
        "start": "2026-09-14",
      },
    ],
  },
  "direction": {
    "band": "steady",
    "changePercent": 0,
    "id": "direction_steady",
  },
  "goalLifts": [
    "Back Squat",
    "Barbell Curl",
    "Bench Press",
  ],
  "pulse": null,
  "standout": {
    "id": "standout_new_e1rm_best",
    "text": "Bench Press|131250",
  },
  "state": "full",
  "subject": {
    "endDate": "2026-09-27",
    "metrics": {
      "hardSets": 54,
      "sessions": 3,
      "tonnageG": 31351750,
    },
    "startDate": "2026-09-21",
  },
  "watchout": {
    "id": "watchout_none",
  },
  "words": [
    "54 hard sets, in line with your 4-week average.",
    "Bench Press hit a new best estimate of 131.3 kg.",
    "Nothing to fix — repeat it.",
  ],
}
`;

exports[`secondary engine characterisation — current outcomes, including known defects > pins when each muscle was last trained on the dated demo, and that no data says so 1`] = `
[
  {
    "daysAgo": 0,
    "lastDate": "2026-09-28",
    "muscle": "chest",
  },
  {
    "daysAgo": null,
    "muscle": "lats",
  },
  {
    "daysAgo": null,
    "muscle": "back",
  },
  {
    "daysAgo": 0,
    "lastDate": "2026-09-28",
    "muscle": "shoulders",
  },
  {
    "daysAgo": null,
    "muscle": "biceps",
  },
  {
    "daysAgo": 0,
    "lastDate": "2026-09-28",
    "muscle": "triceps",
  },
  {
    "daysAgo": null,
    "muscle": "quads",
  },
  {
    "daysAgo": null,
    "muscle": "hamstrings",
  },
  {
    "daysAgo": null,
    "muscle": "glutes",
  },
  {
    "daysAgo": null,
    "muscle": "calves",
  },
  {
    "daysAgo": 0,
    "lastDate": "2026-09-28",
    "muscle": "core",
  },
  {
    "daysAgo": null,
    "muscle": "traps",
  },
]
`;
